fec_mxc.c:388:13:fec_reg_setup	0	static
fec_mxc.c:936:12:fecmxc_free_pkt	8	static
fec_mxc.c:1014:13:fec_free_descs	16	static
fec_mxc.c:188:12:fec_phy_write	16	static
fec_mxc.c:182:12:fec_phy_read	16	static
fec_mxc.c:125:13:fec_mii_setspeed	8	static
fec_mxc.c:360:12:fecmxc_set_hwaddr	16	static
fec_mxc.c:1230:12:fecmxc_read_rom_hwaddr	16	static
fec_mxc.c:600:13:fecmxc_halt	16	static
fec_mxc.c:1344:12:fecmxc_ofdata_to_platdata	16	static
fec_mxc.c:1332:12:fecmxc_remove	8	static
fec_mxc.c:644:12:fecmxc_send	24	static
fec_mxc.c:528:12:fecmxc_init	24	static
fec_mxc.c:795:12:fecmxc_recv	32	static
fec_mxc.c:1027:17:fec_get_miibus	16	static
fec_mxc.c:1053:13:init_clk_fec	0	static
fec_mxc.c:1269:12:fecmxc_probe	32	static
