soc.c:629:12:mmc_get_boot_dev	0	static
soc.c:64:5:get_nr_cpus	0	static
soc.c:70:5:get_cpu_rev	0	static
soc.c:121:5:get_cpu_speed_grade_hz	8	static
soc.c:169:5:get_cpu_temp_grade	0	static
soc.c:200:12:get_board_rev	8	static
soc.c:503:5:arch_cpu_init	8	static
soc.c:624:12:board_mmc_get_env_dev	0	static
soc.c:654:5:mmc_get_env_dev	8	static
soc.c:666:12:board_mmc_get_env_part	0	static
soc.c:671:6:mmc_get_env_part	8	static
soc.c:684:5:board_postclk_init	16	static
soc.c:709:6:imx_get_mac_from_fuse	16	static
soc.c:764:18:get_boot_device	0	static
soc.c:807:6:set_wdog_reset	0	static
soc.c:829:6:reset_misc	0	static
soc.c:836:6:s_init	8	static
