mmc.c:783:12:do_mmcops	32	static
mmc.c:86:20:init_mmc_device	16	static
mmc.c:357:12:do_mmc_rescan	8	static
mmc.c:670:12:do_mmc_rst_func	16	static
mmc.c:643:12:do_mmc_partconf	24	static
mmc.c:612:12:do_mmc_boot_resize	24	static
mmc.c:586:12:do_mmc_bootbus	24	static
mmc.c:503:12:do_mmc_hwpartition	96	static
mmc.c:428:12:do_mmc_list	8	static
mmc.c:387:12:do_mmc_dev	24	static
mmc.c:329:12:do_mmc_erase	24	static
mmc.c:299:12:do_mmc_write	24	static
mmc.c:271:12:do_mmc_read	24	static
mmc.c:101:12:do_mmcinfo	40	static
mmc.c:705:12:do_mmc_setdsr	16	static
mmc.c:368:12:do_mmc_part	8	static
