bootstage.h:345:19:bootstage_relocate	0	static
board_r.c:111:12:initr_trace	0	static
board_r.c:120:12:initr_reloc	0	static
board_r.c:755:12:run_main_loop	8	static
board_r.c:636:12:initr_net	8	static
board_r.c:559:12:initr_ethaddr	8	static
board_r.c:551:12:initr_enable_interrupts	8	static
board_r.c:534:12:initr_jumptable	8	static
board_r.c:488:12:initr_env	8	static
board_r.c:449:12:initr_mmc	8	static
board_r.c:193:12:initr_serial	8	static
board_r.c:335:12:initr_bootstage	8	static
board_r.c:312:12:initr_dm	0	static
board_r.c:279:12:initr_malloc	8	static
board_r.c:146:12:initr_reloc_global_data	8	static
board_r.c:133:12:initr_caches	8	static
board_r.c:348:12:initr_announce	0	static
board_r.c:270:12:initr_barrier	0	static
board_r.c:294:12:initr_console_record	0	static
board_r.c:343:12:power_init_board	0	static
board_r.c:83:12:board_flash_wp_on	0	static
board_r.c:93:13:cpu_secondary_init_r	0	static
board_r.c:97:12:initr_secondary_cpu	8	static
board_r.c:141:12:fixup_cpu	0	static
board_r.c:995:6:board_init_r	8	static
