eth-uclass.c:42:32:eth_get_uclass_priv	16	static
eth-uclass.c:541:12:eth_pre_remove	8	static
eth-uclass.c:192:12:eth_write_hwaddr	16	static
eth-uclass.c:223:12:on_ethaddr	24	static
eth-uclass.c:467:12:eth_post_probe	24	static
eth-uclass.c:447:12:eth_post_bind	8	static
eth-uclass.c:55:6:eth_set_current_to_next	8	static
eth-uclass.c:72:17:eth_get_dev	8	static
eth-uclass.c:88:6:eth_set_dev	8	static
eth-uclass.c:458:12:eth_pre_unbind	8	static
eth-uclass.c:103:17:eth_get_dev_by_name	32	static
eth-uclass.c:143:16:eth_get_ethaddr	8	static
eth-uclass.c:156:5:eth_init_state_only	8	static
eth-uclass.c:172:6:eth_halt_state_only	8	static
eth-uclass.c:185:5:eth_get_dev_index	8	static
eth-uclass.c:251:5:eth_init	24	static
eth-uclass.c:314:6:eth_halt	8	static
eth-uclass.c:328:5:eth_is_active	8	static
eth-uclass.c:339:5:eth_send	16	static
eth-uclass.c:359:5:eth_rx	24	static
eth-uclass.c:395:5:eth_initialize	32	static
